// Jest Snapshot v1, https://goo.gl/fbAQLP

exports[`renders the Select correctly when multiple props are set 1`] = `
<ValidationWrapper
  active={false}
  messages={[]}
>
  <div
    className="input-select__component mb-input mb-input__borders mb-input__background mb-input__shadow mb-input--large"
    id="test-id"
    onClick={[Function]}
    role="presentation"
    style={{}}
  >
    <div
      className="mb-input__content input-select__content"
    >
      <input
        className="mb-input__input input-select__value "
        disabled={false}
        onChange={[Function]}
        onClick={[Function]}
        onFocus={[Function]}
        onKeyDown={[Function]}
        type="text"
        value=""
      />
      <input
        disabled={true}
        type="hidden"
        value="[{"label":"label-0","value":"value-0"},{"label":"label-1","value":"value-1"},{"label":"label-2","value":"value-2"},{"label":"label-3","value":"value-3"},{"label":"label-4","value":"value-4"},{"label":"label-5","value":"value-5"},{"label":"label-6","value":"value-6"},{"label":"label-7","value":"value-7"},{"label":"label-8","value":"value-8"},{"label":"label-9","value":"value-9"},{"label":"label-10","value":"value-10"},{"label":"label-11","value":"value-11"},{"label":"label-12","value":"value-12"},{"label":"label-13","value":"value-13"},{"label":"label-14","value":"value-14"},{"label":"label-15","value":"value-15"},{"label":"label-16","value":"value-16"},{"label":"label-17","value":"value-17"},{"label":"label-18","value":"value-18"},{"label":"label-19","value":"value-19"},{"label":"label-20","value":"value-20"},{"label":"label-21","value":"value-21"},{"label":"label-22","value":"value-22"},{"label":"label-23","value":"value-23"},{"label":"label-24","value":"value-24"},{"label":"label-25","value":"value-25"},{"label":"label-26","value":"value-26"},{"label":"label-27","value":"value-27"},{"label":"label-28","value":"value-28"},{"label":"label-29","value":"value-29"},{"label":"label-30","value":"value-30"},{"label":"label-31","value":"value-31"},{"label":"label-32","value":"value-32"},{"label":"label-33","value":"value-33"},{"label":"label-34","value":"value-34"},{"label":"label-35","value":"value-35"},{"label":"label-36","value":"value-36"},{"label":"label-37","value":"value-37"},{"label":"label-38","value":"value-38"},{"label":"label-39","value":"value-39"},{"label":"label-40","value":"value-40"},{"label":"label-41","value":"value-41"},{"label":"label-42","value":"value-42"},{"label":"label-43","value":"value-43"},{"label":"label-44","value":"value-44"},{"label":"label-45","value":"value-45"},{"label":"label-46","value":"value-46"},{"label":"label-47","value":"value-47"},{"label":"label-48","value":"value-48"},{"label":"label-49","value":"value-49"},{"label":"label-50","value":"value-50"},{"label":"label-51","value":"value-51"},{"label":"label-52","value":"value-52"},{"label":"label-53","value":"value-53"},{"label":"label-54","value":"value-54"},{"label":"label-55","value":"value-55"},{"label":"label-56","value":"value-56"},{"label":"label-57","value":"value-57"},{"label":"label-58","value":"value-58"},{"label":"label-59","value":"value-59"},{"label":"label-60","value":"value-60"},{"label":"label-61","value":"value-61"},{"label":"label-62","value":"value-62"},{"label":"label-63","value":"value-63"},{"label":"label-64","value":"value-64"},{"label":"label-65","value":"value-65"},{"label":"label-66","value":"value-66"},{"label":"label-67","value":"value-67"},{"label":"label-68","value":"value-68"},{"label":"label-69","value":"value-69"},{"label":"label-70","value":"value-70"},{"label":"label-71","value":"value-71"},{"label":"label-72","value":"value-72"},{"label":"label-73","value":"value-73"},{"label":"label-74","value":"value-74"},{"label":"label-75","value":"value-75"},{"label":"label-76","value":"value-76"},{"label":"label-77","value":"value-77"},{"label":"label-78","value":"value-78"},{"label":"label-79","value":"value-79"},{"label":"label-80","value":"value-80"},{"label":"label-81","value":"value-81"},{"label":"label-82","value":"value-82"},{"label":"label-83","value":"value-83"},{"label":"label-84","value":"value-84"},{"label":"label-85","value":"value-85"},{"label":"label-86","value":"value-86"},{"label":"label-87","value":"value-87"},{"label":"label-88","value":"value-88"},{"label":"label-89","value":"value-89"},{"label":"label-90","value":"value-90"},{"label":"label-91","value":"value-91"},{"label":"label-92","value":"value-92"},{"label":"label-93","value":"value-93"},{"label":"label-94","value":"value-94"},{"label":"label-95","value":"value-95"},{"label":"label-96","value":"value-96"},{"label":"label-97","value":"value-97"},{"label":"label-98","value":"value-98"},{"label":"label-99","value":"value-99"}]"
      />
      <div
        className="mb-input__inner-icon input-select__icon"
      >
        <Indicator
          isOpen={false}
          size="l"
        />
      </div>
    </div>
    <div
      className="input-select__options"
    >
      <Options
        maxHeight={0}
        onClear={[Function]}
        onSelect={[Function]}
        open={false}
        options={
          [
            {
              "label": "label-0",
              "value": "value-0",
            },
            {
              "label": "label-1",
              "value": "value-1",
            },
            {
              "label": "label-2",
              "value": "value-2",
            },
            {
              "label": "label-3",
              "value": "value-3",
            },
            {
              "label": "label-4",
              "value": "value-4",
            },
            {
              "label": "label-5",
              "value": "value-5",
            },
            {
              "label": "label-6",
              "value": "value-6",
            },
            {
              "label": "label-7",
              "value": "value-7",
            },
            {
              "label": "label-8",
              "value": "value-8",
            },
            {
              "label": "label-9",
              "value": "value-9",
            },
            {
              "label": "label-10",
              "value": "value-10",
            },
            {
              "label": "label-11",
              "value": "value-11",
            },
            {
              "label": "label-12",
              "value": "value-12",
            },
            {
              "label": "label-13",
              "value": "value-13",
            },
            {
              "label": "label-14",
              "value": "value-14",
            },
            {
              "label": "label-15",
              "value": "value-15",
            },
            {
              "label": "label-16",
              "value": "value-16",
            },
            {
              "label": "label-17",
              "value": "value-17",
            },
            {
              "label": "label-18",
              "value": "value-18",
            },
            {
              "label": "label-19",
              "value": "value-19",
            },
            {
              "label": "label-20",
              "value": "value-20",
            },
            {
              "label": "label-21",
              "value": "value-21",
            },
            {
              "label": "label-22",
              "value": "value-22",
            },
            {
              "label": "label-23",
              "value": "value-23",
            },
            {
              "label": "label-24",
              "value": "value-24",
            },
            {
              "label": "label-25",
              "value": "value-25",
            },
            {
              "label": "label-26",
              "value": "value-26",
            },
            {
              "label": "label-27",
              "value": "value-27",
            },
            {
              "label": "label-28",
              "value": "value-28",
            },
            {
              "label": "label-29",
              "value": "value-29",
            },
            {
              "label": "label-30",
              "value": "value-30",
            },
            {
              "label": "label-31",
              "value": "value-31",
            },
            {
              "label": "label-32",
              "value": "value-32",
            },
            {
              "label": "label-33",
              "value": "value-33",
            },
            {
              "label": "label-34",
              "value": "value-34",
            },
            {
              "label": "label-35",
              "value": "value-35",
            },
            {
              "label": "label-36",
              "value": "value-36",
            },
            {
              "label": "label-37",
              "value": "value-37",
            },
            {
              "label": "label-38",
              "value": "value-38",
            },
            {
              "label": "label-39",
              "value": "value-39",
            },
            {
              "label": "label-40",
              "value": "value-40",
            },
            {
              "label": "label-41",
              "value": "value-41",
            },
            {
              "label": "label-42",
              "value": "value-42",
            },
            {
              "label": "label-43",
              "value": "value-43",
            },
            {
              "label": "label-44",
              "value": "value-44",
            },
            {
              "label": "label-45",
              "value": "value-45",
            },
            {
              "label": "label-46",
              "value": "value-46",
            },
            {
              "label": "label-47",
              "value": "value-47",
            },
            {
              "label": "label-48",
              "value": "value-48",
            },
            {
              "label": "label-49",
              "value": "value-49",
            },
            {
              "label": "label-50",
              "value": "value-50",
            },
            {
              "label": "label-51",
              "value": "value-51",
            },
            {
              "label": "label-52",
              "value": "value-52",
            },
            {
              "label": "label-53",
              "value": "value-53",
            },
            {
              "label": "label-54",
              "value": "value-54",
            },
            {
              "label": "label-55",
              "value": "value-55",
            },
            {
              "label": "label-56",
              "value": "value-56",
            },
            {
              "label": "label-57",
              "value": "value-57",
            },
            {
              "label": "label-58",
              "value": "value-58",
            },
            {
              "label": "label-59",
              "value": "value-59",
            },
            {
              "label": "label-60",
              "value": "value-60",
            },
            {
              "label": "label-61",
              "value": "value-61",
            },
            {
              "label": "label-62",
              "value": "value-62",
            },
            {
              "label": "label-63",
              "value": "value-63",
            },
            {
              "label": "label-64",
              "value": "value-64",
            },
            {
              "label": "label-65",
              "value": "value-65",
            },
            {
              "label": "label-66",
              "value": "value-66",
            },
            {
              "label": "label-67",
              "value": "value-67",
            },
            {
              "label": "label-68",
              "value": "value-68",
            },
            {
              "label": "label-69",
              "value": "value-69",
            },
            {
              "label": "label-70",
              "value": "value-70",
            },
            {
              "label": "label-71",
              "value": "value-71",
            },
            {
              "label": "label-72",
              "value": "value-72",
            },
            {
              "label": "label-73",
              "value": "value-73",
            },
            {
              "label": "label-74",
              "value": "value-74",
            },
            {
              "label": "label-75",
              "value": "value-75",
            },
            {
              "label": "label-76",
              "value": "value-76",
            },
            {
              "label": "label-77",
              "value": "value-77",
            },
            {
              "label": "label-78",
              "value": "value-78",
            },
            {
              "label": "label-79",
              "value": "value-79",
            },
            {
              "label": "label-80",
              "value": "value-80",
            },
            {
              "label": "label-81",
              "value": "value-81",
            },
            {
              "label": "label-82",
              "value": "value-82",
            },
            {
              "label": "label-83",
              "value": "value-83",
            },
            {
              "label": "label-84",
              "value": "value-84",
            },
            {
              "label": "label-85",
              "value": "value-85",
            },
            {
              "label": "label-86",
              "value": "value-86",
            },
            {
              "label": "label-87",
              "value": "value-87",
            },
            {
              "label": "label-88",
              "value": "value-88",
            },
            {
              "label": "label-89",
              "value": "value-89",
            },
            {
              "label": "label-90",
              "value": "value-90",
            },
            {
              "label": "label-91",
              "value": "value-91",
            },
            {
              "label": "label-92",
              "value": "value-92",
            },
            {
              "label": "label-93",
              "value": "value-93",
            },
            {
              "label": "label-94",
              "value": "value-94",
            },
            {
              "label": "label-95",
              "value": "value-95",
            },
            {
              "label": "label-96",
              "value": "value-96",
            },
            {
              "label": "label-97",
              "value": "value-97",
            },
            {
              "label": "label-98",
              "value": "value-98",
            },
            {
              "label": "label-99",
              "value": "value-99",
            },
          ]
        }
        reverse={false}
        size="l"
      />
    </div>
  </div>
</ValidationWrapper>
`;
